<?xml version="1.0"?>
<link_info>
   <banner>TMS320C55x Linker PC v4.4.1</banner>
   <copyright>Copyright (c) 1996-2012 Texas Instruments Incorporated</copyright>
   <link_time>0x639fde41</link_time>
   <output_file>CORDIC.out</output_file>
   <entry_point>
      <name>_c_int00</name>
      <address>0x515c</address>
   </entry_point>
   <input_file_list>
      <input_file id="fl-2">
         <path>.\src\</path>
         <kind>object</kind>
         <file>cordic.obj</file>
         <name>cordic.obj</name>
      </input_file>
      <input_file id="fl-3">
         <path>.\src\</path>
         <kind>object</kind>
         <file>fix_point.obj</file>
         <name>fix_point.obj</name>
      </input_file>
      <input_file id="fl-4">
         <path>.\src\</path>
         <kind>object</kind>
         <file>main.obj</file>
         <name>main.obj</name>
      </input_file>
      <input_file id="fl-8">
         <path>C:\ti\ccs1210\ccs\tools\compiler\c5500_4.4.1\lib\</path>
         <kind>archive</kind>
         <file>rts55x.lib</file>
         <name>addd.obj</name>
      </input_file>
      <input_file id="fl-9">
         <path>C:\ti\ccs1210\ccs\tools\compiler\c5500_4.4.1\lib\</path>
         <kind>archive</kind>
         <file>rts55x.lib</file>
         <name>boot.obj</name>
      </input_file>
      <input_file id="fl-a">
         <path>C:\ti\ccs1210\ccs\tools\compiler\c5500_4.4.1\lib\</path>
         <kind>archive</kind>
         <file>rts55x.lib</file>
         <name>cmpd.obj</name>
      </input_file>
      <input_file id="fl-b">
         <path>C:\ti\ccs1210\ccs\tools\compiler\c5500_4.4.1\lib\</path>
         <kind>archive</kind>
         <file>rts55x.lib</file>
         <name>divd.obj</name>
      </input_file>
      <input_file id="fl-c">
         <path>C:\ti\ccs1210\ccs\tools\compiler\c5500_4.4.1\lib\</path>
         <kind>archive</kind>
         <file>rts55x.lib</file>
         <name>divli.obj</name>
      </input_file>
      <input_file id="fl-d">
         <path>C:\ti\ccs1210\ccs\tools\compiler\c5500_4.4.1\lib\</path>
         <kind>archive</kind>
         <file>rts55x.lib</file>
         <name>divul.obj</name>
      </input_file>
      <input_file id="fl-e">
         <path>C:\ti\ccs1210\ccs\tools\compiler\c5500_4.4.1\lib\</path>
         <kind>archive</kind>
         <file>rts55x.lib</file>
         <name>exit.obj</name>
      </input_file>
      <input_file id="fl-f">
         <path>C:\ti\ccs1210\ccs\tools\compiler\c5500_4.4.1\lib\</path>
         <kind>archive</kind>
         <file>rts55x.lib</file>
         <name>fixdi.obj</name>
      </input_file>
      <input_file id="fl-10">
         <path>C:\ti\ccs1210\ccs\tools\compiler\c5500_4.4.1\lib\</path>
         <kind>archive</kind>
         <file>rts55x.lib</file>
         <name>fixdli.obj</name>
      </input_file>
      <input_file id="fl-11">
         <path>C:\ti\ccs1210\ccs\tools\compiler\c5500_4.4.1\lib\</path>
         <kind>archive</kind>
         <file>rts55x.lib</file>
         <name>fltid.obj</name>
      </input_file>
      <input_file id="fl-12">
         <path>C:\ti\ccs1210\ccs\tools\compiler\c5500_4.4.1\lib\</path>
         <kind>archive</kind>
         <file>rts55x.lib</file>
         <name>fltlid.obj</name>
      </input_file>
      <input_file id="fl-13">
         <path>C:\ti\ccs1210\ccs\tools\compiler\c5500_4.4.1\lib\</path>
         <kind>archive</kind>
         <file>rts55x.lib</file>
         <name>fmod.obj</name>
      </input_file>
      <input_file id="fl-14">
         <path>C:\ti\ccs1210\ccs\tools\compiler\c5500_4.4.1\lib\</path>
         <kind>archive</kind>
         <file>rts55x.lib</file>
         <name>frcmpyd_div.obj</name>
      </input_file>
      <input_file id="fl-15">
         <path>C:\ti\ccs1210\ccs\tools\compiler\c5500_4.4.1\lib\</path>
         <kind>archive</kind>
         <file>rts55x.lib</file>
         <name>frexp.obj</name>
      </input_file>
      <input_file id="fl-16">
         <path>C:\ti\ccs1210\ccs\tools\compiler\c5500_4.4.1\lib\</path>
         <kind>archive</kind>
         <file>rts55x.lib</file>
         <name>ldexp.obj</name>
      </input_file>
      <input_file id="fl-17">
         <path>C:\ti\ccs1210\ccs\tools\compiler\c5500_4.4.1\lib\</path>
         <kind>archive</kind>
         <file>rts55x.lib</file>
         <name>lmpy.obj</name>
      </input_file>
      <input_file id="fl-18">
         <path>C:\ti\ccs1210\ccs\tools\compiler\c5500_4.4.1\lib\</path>
         <kind>archive</kind>
         <file>rts55x.lib</file>
         <name>mpyd.obj</name>
      </input_file>
      <input_file id="fl-19">
         <path>C:\ti\ccs1210\ccs\tools\compiler\c5500_4.4.1\lib\</path>
         <kind>archive</kind>
         <file>rts55x.lib</file>
         <name>negd.obj</name>
      </input_file>
      <input_file id="fl-1a">
         <path>C:\ti\ccs1210\ccs\tools\compiler\c5500_4.4.1\lib\</path>
         <kind>archive</kind>
         <file>rts55x.lib</file>
         <name>printf.obj</name>
      </input_file>
      <input_file id="fl-1b">
         <path>C:\ti\ccs1210\ccs\tools\compiler\c5500_4.4.1\lib\</path>
         <kind>archive</kind>
         <file>rts55x.lib</file>
         <name>round.obj</name>
      </input_file>
      <input_file id="fl-1c">
         <path>C:\ti\ccs1210\ccs\tools\compiler\c5500_4.4.1\lib\</path>
         <kind>archive</kind>
         <file>rts55x.lib</file>
         <name>subd.obj</name>
      </input_file>
      <input_file id="fl-1d">
         <path>C:\ti\ccs1210\ccs\tools\compiler\c5500_4.4.1\lib\</path>
         <kind>archive</kind>
         <file>rts55x.lib</file>
         <name>trunc.obj</name>
      </input_file>
      <input_file id="fl-1e">
         <path>C:\ti\ccs1210\ccs\tools\compiler\c5500_4.4.1\lib\</path>
         <kind>archive</kind>
         <file>rts55x.lib</file>
         <name>vectors.obj</name>
      </input_file>
      <input_file id="fl-1f">
         <path>C:\ti\ccs1210\ccs\tools\compiler\c5500_4.4.1\lib\</path>
         <kind>archive</kind>
         <file>rts55x.lib</file>
         <name>_lock.obj</name>
      </input_file>
      <input_file id="fl-20">
         <path>C:\ti\ccs1210\ccs\tools\compiler\c5500_4.4.1\lib\</path>
         <kind>archive</kind>
         <file>rts55x.lib</file>
         <name>_printfi.obj</name>
      </input_file>
      <input_file id="fl-21">
         <path>C:\ti\ccs1210\ccs\tools\compiler\c5500_4.4.1\lib\</path>
         <kind>archive</kind>
         <file>rts55x.lib</file>
         <name>args_main.obj</name>
      </input_file>
      <input_file id="fl-22">
         <path>C:\ti\ccs1210\ccs\tools\compiler\c5500_4.4.1\lib\</path>
         <kind>archive</kind>
         <file>rts55x.lib</file>
         <name>atoi.obj</name>
      </input_file>
      <input_file id="fl-23">
         <path>C:\ti\ccs1210\ccs\tools\compiler\c5500_4.4.1\lib\</path>
         <kind>archive</kind>
         <file>rts55x.lib</file>
         <name>autoinit.obj</name>
      </input_file>
      <input_file id="fl-24">
         <path>C:\ti\ccs1210\ccs\tools\compiler\c5500_4.4.1\lib\</path>
         <kind>archive</kind>
         <file>rts55x.lib</file>
         <name>ctype.obj</name>
      </input_file>
      <input_file id="fl-25">
         <path>C:\ti\ccs1210\ccs\tools\compiler\c5500_4.4.1\lib\</path>
         <kind>archive</kind>
         <file>rts55x.lib</file>
         <name>defs.obj</name>
      </input_file>
      <input_file id="fl-26">
         <path>C:\ti\ccs1210\ccs\tools\compiler\c5500_4.4.1\lib\</path>
         <kind>archive</kind>
         <file>rts55x.lib</file>
         <name>errno.obj</name>
      </input_file>
      <input_file id="fl-27">
         <path>C:\ti\ccs1210\ccs\tools\compiler\c5500_4.4.1\lib\</path>
         <kind>archive</kind>
         <file>rts55x.lib</file>
         <name>fputc.obj</name>
      </input_file>
      <input_file id="fl-28">
         <path>C:\ti\ccs1210\ccs\tools\compiler\c5500_4.4.1\lib\</path>
         <kind>archive</kind>
         <file>rts55x.lib</file>
         <name>fputs.obj</name>
      </input_file>
      <input_file id="fl-29">
         <path>C:\ti\ccs1210\ccs\tools\compiler\c5500_4.4.1\lib\</path>
         <kind>archive</kind>
         <file>rts55x.lib</file>
         <name>frcmpyd.obj</name>
      </input_file>
      <input_file id="fl-2a">
         <path>C:\ti\ccs1210\ccs\tools\compiler\c5500_4.4.1\lib\</path>
         <kind>archive</kind>
         <file>rts55x.lib</file>
         <name>isinf.obj</name>
      </input_file>
      <input_file id="fl-2b">
         <path>C:\ti\ccs1210\ccs\tools\compiler\c5500_4.4.1\lib\</path>
         <kind>archive</kind>
         <file>rts55x.lib</file>
         <name>llmpy.obj</name>
      </input_file>
      <input_file id="fl-2c">
         <path>C:\ti\ccs1210\ccs\tools\compiler\c5500_4.4.1\lib\</path>
         <kind>archive</kind>
         <file>rts55x.lib</file>
         <name>lowlev.obj</name>
      </input_file>
      <input_file id="fl-2d">
         <path>C:\ti\ccs1210\ccs\tools\compiler\c5500_4.4.1\lib\</path>
         <kind>archive</kind>
         <file>rts55x.lib</file>
         <name>ltoa.obj</name>
      </input_file>
      <input_file id="fl-2e">
         <path>C:\ti\ccs1210\ccs\tools\compiler\c5500_4.4.1\lib\</path>
         <kind>archive</kind>
         <file>rts55x.lib</file>
         <name>memccpy.obj</name>
      </input_file>
      <input_file id="fl-2f">
         <path>C:\ti\ccs1210\ccs\tools\compiler\c5500_4.4.1\lib\</path>
         <kind>archive</kind>
         <file>rts55x.lib</file>
         <name>memcpy.obj</name>
      </input_file>
      <input_file id="fl-30">
         <path>C:\ti\ccs1210\ccs\tools\compiler\c5500_4.4.1\lib\</path>
         <kind>archive</kind>
         <file>rts55x.lib</file>
         <name>modf.obj</name>
      </input_file>
      <input_file id="fl-31">
         <path>C:\ti\ccs1210\ccs\tools\compiler\c5500_4.4.1\lib\</path>
         <kind>archive</kind>
         <file>rts55x.lib</file>
         <name>remli.obj</name>
      </input_file>
      <input_file id="fl-32">
         <path>C:\ti\ccs1210\ccs\tools\compiler\c5500_4.4.1\lib\</path>
         <kind>archive</kind>
         <file>rts55x.lib</file>
         <name>remul.obj</name>
      </input_file>
      <input_file id="fl-33">
         <path>C:\ti\ccs1210\ccs\tools\compiler\c5500_4.4.1\lib\</path>
         <kind>archive</kind>
         <file>rts55x.lib</file>
         <name>trgdrv.obj</name>
      </input_file>
      <input_file id="fl-34">
         <path>C:\ti\ccs1210\ccs\tools\compiler\c5500_4.4.1\lib\</path>
         <kind>archive</kind>
         <file>rts55x.lib</file>
         <name>trgmsg.obj</name>
      </input_file>
      <input_file id="fl-35">
         <path>C:\ti\ccs1210\ccs\tools\compiler\c5500_4.4.1\lib\</path>
         <kind>archive</kind>
         <file>rts55x.lib</file>
         <name>udiv.obj</name>
      </input_file>
      <input_file id="fl-36">
         <path>C:\ti\ccs1210\ccs\tools\compiler\c5500_4.4.1\lib\</path>
         <kind>archive</kind>
         <file>rts55x.lib</file>
         <name>_io_perm.obj</name>
      </input_file>
      <input_file id="fl-37">
         <path>C:\ti\ccs1210\ccs\tools\compiler\c5500_4.4.1\lib\</path>
         <kind>archive</kind>
         <file>rts55x.lib</file>
         <name>fflush.obj</name>
      </input_file>
      <input_file id="fl-38">
         <path>C:\ti\ccs1210\ccs\tools\compiler\c5500_4.4.1\lib\</path>
         <kind>archive</kind>
         <file>rts55x.lib</file>
         <name>fseek.obj</name>
      </input_file>
      <input_file id="fl-39">
         <path>C:\ti\ccs1210\ccs\tools\compiler\c5500_4.4.1\lib\</path>
         <kind>archive</kind>
         <file>rts55x.lib</file>
         <name>setvbuf.obj</name>
      </input_file>
      <input_file id="fl-3a">
         <path>C:\ti\ccs1210\ccs\tools\compiler\c5500_4.4.1\lib\</path>
         <kind>archive</kind>
         <file>rts55x.lib</file>
         <name>fopen.obj</name>
      </input_file>
      <input_file id="fl-3b">
         <path>C:\ti\ccs1210\ccs\tools\compiler\c5500_4.4.1\lib\</path>
         <kind>archive</kind>
         <file>rts55x.lib</file>
         <name>memory.obj</name>
      </input_file>
      <input_file id="fl-3c">
         <path>C:\ti\ccs1210\ccs\tools\compiler\c5500_4.4.1\lib\</path>
         <kind>archive</kind>
         <file>rts55x.lib</file>
         <name>fclose.obj</name>
      </input_file>
      <input_file id="fl-3d">
         <path>C:\ti\ccs1210\ccs\tools\compiler\c5500_4.4.1\lib\</path>
         <kind>archive</kind>
         <file>rts55x.lib</file>
         <name>remove.obj</name>
      </input_file>
   </input_file_list>
   <object_component_list>
      <object_component id="oc-93">
         <name>.text</name>
         <load_address>0x300</load_address>
         <run_address>0x300</run_address>
         <size>0x15a4</size>
         <input_file_ref idref="fl-20"/>
      </object_component>
      <object_component id="oc-14">
         <name>.text</name>
         <load_address>0x18a4</load_address>
         <run_address>0x18a4</run_address>
         <size>0x598</size>
         <input_file_ref idref="fl-2"/>
      </object_component>
      <object_component id="oc-c4">
         <name>.text</name>
         <load_address>0x1e3c</load_address>
         <run_address>0x1e3c</run_address>
         <size>0x543</size>
         <input_file_ref idref="fl-2c"/>
      </object_component>
      <object_component id="oc-e3">
         <name>.text</name>
         <load_address>0x237f</load_address>
         <run_address>0x237f</run_address>
         <size>0x528</size>
         <input_file_ref idref="fl-33"/>
      </object_component>
      <object_component id="oc-108">
         <name>.text</name>
         <load_address>0x28a7</load_address>
         <run_address>0x28a7</run_address>
         <size>0x4b5</size>
         <input_file_ref idref="fl-3b"/>
      </object_component>
      <object_component id="oc-34">
         <name>.text</name>
         <load_address>0x2d5c</load_address>
         <run_address>0x2d5c</run_address>
         <size>0x3cc</size>
         <input_file_ref idref="fl-b"/>
      </object_component>
      <object_component id="oc-22">
         <name>.text</name>
         <load_address>0x3128</load_address>
         <run_address>0x3128</run_address>
         <size>0x2fc</size>
         <input_file_ref idref="fl-4"/>
      </object_component>
      <object_component id="oc-102">
         <name>.text</name>
         <load_address>0x3424</load_address>
         <run_address>0x3424</run_address>
         <size>0x27f</size>
         <input_file_ref idref="fl-3a"/>
      </object_component>
      <object_component id="oc-c0">
         <name>.text</name>
         <load_address>0x36a3</load_address>
         <run_address>0x36a3</run_address>
         <size>0x25e</size>
         <input_file_ref idref="fl-2b"/>
      </object_component>
      <object_component id="oc-28">
         <name>.text</name>
         <load_address>0x3901</load_address>
         <run_address>0x3901</run_address>
         <size>0x25a</size>
         <input_file_ref idref="fl-8"/>
      </object_component>
      <object_component id="oc-58">
         <name>.text</name>
         <load_address>0x3b5b</load_address>
         <run_address>0x3b5b</run_address>
         <size>0x23b</size>
         <input_file_ref idref="fl-13"/>
      </object_component>
      <object_component id="oc-30">
         <name>.text</name>
         <load_address>0x3d96</load_address>
         <run_address>0x3d96</run_address>
         <size>0x1ea</size>
         <input_file_ref idref="fl-a"/>
      </object_component>
      <object_component id="oc-b3">
         <name>.text</name>
         <load_address>0x3f80</load_address>
         <run_address>0x3f80</run_address>
         <size>0x163</size>
         <input_file_ref idref="fl-28"/>
      </object_component>
      <object_component id="oc-6f">
         <name>.text</name>
         <load_address>0x40e3</load_address>
         <run_address>0x40e3</run_address>
         <size>0x14c</size>
         <input_file_ref idref="fl-18"/>
      </object_component>
      <object_component id="oc-1c">
         <name>.text</name>
         <load_address>0x422f</load_address>
         <run_address>0x422f</run_address>
         <size>0x135</size>
         <input_file_ref idref="fl-3"/>
      </object_component>
      <object_component id="oc-66">
         <name>.text</name>
         <load_address>0x4364</load_address>
         <run_address>0x4364</run_address>
         <size>0xf2</size>
         <input_file_ref idref="fl-16"/>
      </object_component>
      <object_component id="oc-fe">
         <name>.text</name>
         <load_address>0x4456</load_address>
         <run_address>0x4456</run_address>
         <size>0xe6</size>
         <input_file_ref idref="fl-39"/>
      </object_component>
      <object_component id="oc-f2">
         <name>.text</name>
         <load_address>0x453c</load_address>
         <run_address>0x453c</run_address>
         <size>0xdd</size>
         <input_file_ref idref="fl-36"/>
      </object_component>
      <object_component id="oc-61">
         <name>.text</name>
         <load_address>0x4619</load_address>
         <run_address>0x4619</run_address>
         <size>0xcc</size>
         <input_file_ref idref="fl-15"/>
      </object_component>
      <object_component id="oc-f6">
         <name>.text</name>
         <load_address>0x46e5</load_address>
         <run_address>0x46e5</run_address>
         <size>0xc2</size>
         <input_file_ref idref="fl-37"/>
      </object_component>
      <object_component id="oc-d6">
         <name>.text</name>
         <load_address>0x47a7</load_address>
         <run_address>0x47a7</run_address>
         <size>0xbf</size>
         <input_file_ref idref="fl-30"/>
      </object_component>
      <object_component id="oc-eb">
         <name>.text:CIO_breakpoint</name>
         <load_address>0x4866</load_address>
         <run_address>0x4866</run_address>
         <size>0xba</size>
         <input_file_ref idref="fl-34"/>
      </object_component>
      <object_component id="oc-af">
         <name>.text</name>
         <load_address>0x4920</load_address>
         <run_address>0x4920</run_address>
         <size>0xa6</size>
         <input_file_ref idref="fl-27"/>
      </object_component>
      <object_component id="oc-3c">
         <name>.text</name>
         <load_address>0x49c6</load_address>
         <run_address>0x49c6</run_address>
         <size>0xa1</size>
         <input_file_ref idref="fl-d"/>
      </object_component>
      <object_component id="oc-ca">
         <name>.text</name>
         <load_address>0x4a67</load_address>
         <run_address>0x4a67</run_address>
         <size>0x7d</size>
         <input_file_ref idref="fl-2d"/>
      </object_component>
      <object_component id="oc-10f">
         <name>.text</name>
         <load_address>0x4ae4</load_address>
         <run_address>0x4ae4</run_address>
         <size>0x7b</size>
         <input_file_ref idref="fl-3c"/>
      </object_component>
      <object_component id="oc-b8">
         <name>.text</name>
         <load_address>0x4b5f</load_address>
         <run_address>0x4b5f</run_address>
         <size>0x76</size>
         <input_file_ref idref="fl-29"/>
      </object_component>
      <object_component id="oc-5d">
         <name>.text</name>
         <load_address>0x4bd5</load_address>
         <run_address>0x4bd5</run_address>
         <size>0x73</size>
         <input_file_ref idref="fl-14"/>
      </object_component>
      <object_component id="oc-df">
         <name>.text</name>
         <load_address>0x4c48</load_address>
         <run_address>0x4c48</run_address>
         <size>0x72</size>
         <input_file_ref idref="fl-32"/>
      </object_component>
      <object_component id="oc-4b">
         <name>.text</name>
         <load_address>0x4cba</load_address>
         <run_address>0x4cba</run_address>
         <size>0x6f</size>
         <input_file_ref idref="fl-10"/>
      </object_component>
      <object_component id="oc-e8">
         <name>.text</name>
         <load_address>0x4d29</load_address>
         <run_address>0x4d29</run_address>
         <size>0x6d</size>
         <input_file_ref idref="fl-34"/>
      </object_component>
      <object_component id="oc-fa">
         <name>.text</name>
         <load_address>0x4d96</load_address>
         <run_address>0x4d96</run_address>
         <size>0x6b</size>
         <input_file_ref idref="fl-38"/>
      </object_component>
      <object_component id="oc-53">
         <name>.text</name>
         <load_address>0x4e01</load_address>
         <run_address>0x4e01</run_address>
         <size>0x67</size>
         <input_file_ref idref="fl-12"/>
      </object_component>
      <object_component id="oc-7b">
         <name>.text</name>
         <load_address>0x4e68</load_address>
         <run_address>0x4e68</run_address>
         <size>0x5f</size>
         <input_file_ref idref="fl-1b"/>
      </object_component>
      <object_component id="oc-9d">
         <name>.text</name>
         <load_address>0x4ec7</load_address>
         <run_address>0x4ec7</run_address>
         <size>0x5c</size>
         <input_file_ref idref="fl-22"/>
      </object_component>
      <object_component id="oc-77">
         <name>.text</name>
         <load_address>0x4f23</load_address>
         <run_address>0x4f23</run_address>
         <size>0x50</size>
         <input_file_ref idref="fl-1a"/>
      </object_component>
      <object_component id="oc-a1">
         <name>.text</name>
         <load_address>0x4f73</load_address>
         <run_address>0x4f73</run_address>
         <size>0x4d</size>
         <input_file_ref idref="fl-23"/>
      </object_component>
      <object_component id="oc-99">
         <name>.text</name>
         <load_address>0x4fc0</load_address>
         <run_address>0x4fc0</run_address>
         <size>0x4b</size>
         <input_file_ref idref="fl-21"/>
      </object_component>
      <object_component id="oc-db">
         <name>.text</name>
         <load_address>0x500b</load_address>
         <run_address>0x500b</run_address>
         <size>0x4b</size>
         <input_file_ref idref="fl-31"/>
      </object_component>
      <object_component id="oc-38">
         <name>.text</name>
         <load_address>0x5056</load_address>
         <run_address>0x5056</run_address>
         <size>0x48</size>
         <input_file_ref idref="fl-c"/>
      </object_component>
      <object_component id="oc-84">
         <name>.text</name>
         <load_address>0x509e</load_address>
         <run_address>0x509e</run_address>
         <size>0x41</size>
         <input_file_ref idref="fl-1d"/>
      </object_component>
      <object_component id="oc-d2">
         <name>.text</name>
         <load_address>0x50df</load_address>
         <run_address>0x50df</run_address>
         <size>0x3f</size>
         <input_file_ref idref="fl-2f"/>
      </object_component>
      <object_component id="oc-40">
         <name>.text</name>
         <load_address>0x511e</load_address>
         <run_address>0x511e</run_address>
         <size>0x3e</size>
         <input_file_ref idref="fl-e"/>
      </object_component>
      <object_component id="oc-12">
         <name>.text</name>
         <load_address>0x515c</load_address>
         <run_address>0x515c</run_address>
         <size>0x34</size>
         <input_file_ref idref="fl-9"/>
      </object_component>
      <object_component id="oc-47">
         <name>.text</name>
         <load_address>0x5190</load_address>
         <run_address>0x5190</run_address>
         <size>0x2a</size>
         <input_file_ref idref="fl-f"/>
      </object_component>
      <object_component id="oc-ee">
         <name>.text</name>
         <load_address>0x51ba</load_address>
         <run_address>0x51ba</run_address>
         <size>0x2a</size>
         <input_file_ref idref="fl-35"/>
      </object_component>
      <object_component id="oc-ce">
         <name>.text</name>
         <load_address>0x51e4</load_address>
         <run_address>0x51e4</run_address>
         <size>0x23</size>
         <input_file_ref idref="fl-2e"/>
      </object_component>
      <object_component id="oc-bc">
         <name>.text</name>
         <load_address>0x5207</load_address>
         <run_address>0x5207</run_address>
         <size>0x1a</size>
         <input_file_ref idref="fl-2a"/>
      </object_component>
      <object_component id="oc-80">
         <name>.text</name>
         <load_address>0x5221</load_address>
         <run_address>0x5221</run_address>
         <size>0x14</size>
         <input_file_ref idref="fl-1c"/>
      </object_component>
      <object_component id="oc-6b">
         <name>.text</name>
         <load_address>0x5235</load_address>
         <run_address>0x5235</run_address>
         <size>0x13</size>
         <input_file_ref idref="fl-17"/>
      </object_component>
      <object_component id="oc-8d">
         <name>.text</name>
         <load_address>0x5248</load_address>
         <run_address>0x5248</run_address>
         <size>0x12</size>
         <input_file_ref idref="fl-1f"/>
      </object_component>
      <object_component id="oc-73">
         <name>.text</name>
         <load_address>0x525a</load_address>
         <run_address>0x525a</run_address>
         <size>0x10</size>
         <input_file_ref idref="fl-19"/>
      </object_component>
      <object_component id="oc-4f">
         <name>.text</name>
         <load_address>0x526a</load_address>
         <run_address>0x526a</run_address>
         <size>0xc</size>
         <input_file_ref idref="fl-11"/>
      </object_component>
      <object_component id="oc-113">
         <name>.text</name>
         <load_address>0x5276</load_address>
         <run_address>0x5276</run_address>
         <size>0xa</size>
         <input_file_ref idref="fl-3d"/>
      </object_component>
      <object_component id="oc-44">
         <name>.text:CIO_breakpoint</name>
         <load_address>0x5280</load_address>
         <run_address>0x5280</run_address>
         <size>0x7</size>
         <input_file_ref idref="fl-e"/>
      </object_component>
      <object_component id="oc-89">
         <name>.text</name>
         <load_address>0x5287</load_address>
         <run_address>0x5287</run_address>
         <size>0x2</size>
         <input_file_ref idref="fl-1e"/>
      </object_component>
      <object_component id="oc-2c">
         <name>.stack</name>
         <load_address>0x52a0</load_address>
         <run_address>0x52a0</run_address>
         <size>0x0</size>
         <input_file_ref idref="fl-9"/>
      </object_component>
      <object_component id="oc-137">
         <name>.stack</name>
         <load_address>0x52a0</load_address>
         <run_address>0x52a0</run_address>
         <size>0x0</size>
      </object_component>
      <object_component id="oc-117">
         <name>.sysstack</name>
         <load_address>0x92a0</load_address>
         <run_address>0x92a0</run_address>
         <size>0x0</size>
         <input_file_ref idref="fl-9"/>
      </object_component>
      <object_component id="oc-139">
         <name>.sysstack</name>
         <load_address>0x92a0</load_address>
         <run_address>0x92a0</run_address>
         <size>0x0</size>
      </object_component>
      <object_component id="oc-a7">
         <name>.bss</name>
         <load_address>0xa820</load_address>
         <run_address>0xa820</run_address>
         <size>0x232</size>
         <input_file_ref idref="fl-25"/>
      </object_component>
      <object_component id="oc-e4">
         <name>.bss</name>
         <load_address>0xaa52</load_address>
         <run_address>0xaa52</run_address>
         <size>0x1a0</size>
         <input_file_ref idref="fl-33"/>
      </object_component>
      <object_component id="oc-ab">
         <name>.bss</name>
         <load_address>0xabf2</load_address>
         <run_address>0xabf2</run_address>
         <size>0x2</size>
         <input_file_ref idref="fl-26"/>
      </object_component>
      <object_component id="oc-c5">
         <name>.bss</name>
         <load_address>0xabf4</load_address>
         <run_address>0xabf4</run_address>
         <size>0xe2</size>
         <input_file_ref idref="fl-2c"/>
      </object_component>
      <object_component id="oc-15">
         <name>.bss</name>
         <load_address>0xacd6</load_address>
         <run_address>0xacd6</run_address>
         <size>0x1a</size>
         <input_file_ref idref="fl-2"/>
      </object_component>
      <object_component id="oc-109">
         <name>.bss</name>
         <load_address>0xacf0</load_address>
         <run_address>0xacf0</run_address>
         <size>0xc</size>
         <input_file_ref idref="fl-3b"/>
      </object_component>
      <object_component id="oc-8e">
         <name>.bss</name>
         <load_address>0xacfc</load_address>
         <run_address>0xacfc</run_address>
         <size>0x8</size>
         <input_file_ref idref="fl-1f"/>
      </object_component>
      <object_component id="oc-41">
         <name>.bss</name>
         <load_address>0xad04</load_address>
         <run_address>0xad04</run_address>
         <size>0x8</size>
         <input_file_ref idref="fl-e"/>
      </object_component>
      <object_component id="oc-103">
         <name>.bss</name>
         <load_address>0xad0c</load_address>
         <run_address>0xad0c</run_address>
         <size>0x2</size>
         <input_file_ref idref="fl-3a"/>
      </object_component>
      <object_component id="oc-11e">
         <name>.const:__ctypes_</name>
         <load_address>0xa2a0</load_address>
         <run_address>0xa2a0</run_address>
         <size>0x202</size>
         <input_file_ref idref="fl-24"/>
      </object_component>
      <object_component id="oc-24">
         <name>.const:.string</name>
         <load_address>0xa4a4</load_address>
         <run_address>0xa4a4</run_address>
         <size>0x1f4</size>
         <input_file_ref idref="fl-4"/>
      </object_component>
      <object_component id="oc-96">
         <name>.const:.string</name>
         <load_address>0xa698</load_address>
         <run_address>0xa698</run_address>
         <size>0x48</size>
         <input_file_ref idref="fl-20"/>
      </object_component>
      <object_component id="oc-18">
         <name>.const</name>
         <load_address>0xa6e0</load_address>
         <run_address>0xa6e0</run_address>
         <size>0x20</size>
         <input_file_ref idref="fl-2"/>
      </object_component>
      <object_component id="oc-1e">
         <name>.const</name>
         <load_address>0xa700</load_address>
         <run_address>0xa700</run_address>
         <size>0x18</size>
         <input_file_ref idref="fl-3"/>
      </object_component>
      <object_component id="oc-95">
         <name>.const</name>
         <load_address>0xa718</load_address>
         <run_address>0xa718</run_address>
         <size>0x18</size>
         <input_file_ref idref="fl-20"/>
      </object_component>
      <object_component id="oc-5a">
         <name>.const</name>
         <load_address>0xa730</load_address>
         <run_address>0xa730</run_address>
         <size>0x18</size>
         <input_file_ref idref="fl-13"/>
      </object_component>
      <object_component id="oc-118">
         <name>.const:_$P$T0$1</name>
         <load_address>0xa748</load_address>
         <run_address>0xa748</run_address>
         <size>0x14</size>
         <input_file_ref idref="fl-4"/>
      </object_component>
      <object_component id="oc-119">
         <name>.const:_$P$T1$2</name>
         <load_address>0xa75c</load_address>
         <run_address>0xa75c</run_address>
         <size>0x14</size>
         <input_file_ref idref="fl-4"/>
      </object_component>
      <object_component id="oc-11a">
         <name>.const:_$P$T2$3</name>
         <load_address>0xa770</load_address>
         <run_address>0xa770</run_address>
         <size>0x14</size>
         <input_file_ref idref="fl-4"/>
      </object_component>
      <object_component id="oc-11b">
         <name>.const:_$P$T3$4</name>
         <load_address>0xa784</load_address>
         <run_address>0xa784</run_address>
         <size>0x14</size>
         <input_file_ref idref="fl-4"/>
      </object_component>
      <object_component id="oc-11c">
         <name>.const:_$P$T4$5</name>
         <load_address>0xa798</load_address>
         <run_address>0xa798</run_address>
         <size>0x14</size>
         <input_file_ref idref="fl-4"/>
      </object_component>
      <object_component id="oc-68">
         <name>.const</name>
         <load_address>0xa7ac</load_address>
         <run_address>0xa7ac</run_address>
         <size>0x14</size>
         <input_file_ref idref="fl-16"/>
      </object_component>
      <object_component id="oc-11d">
         <name>.const:_initial_approx$1</name>
         <load_address>0xa7c0</load_address>
         <run_address>0xa7c0</run_address>
         <size>0x10</size>
         <input_file_ref idref="fl-b"/>
      </object_component>
      <object_component id="oc-63">
         <name>.const</name>
         <load_address>0xa7d0</load_address>
         <run_address>0xa7d0</run_address>
         <size>0x10</size>
         <input_file_ref idref="fl-15"/>
      </object_component>
      <object_component id="oc-7d">
         <name>.const</name>
         <load_address>0xa7e0</load_address>
         <run_address>0xa7e0</run_address>
         <size>0x10</size>
         <input_file_ref idref="fl-1b"/>
      </object_component>
      <object_component id="oc-d8">
         <name>.const</name>
         <load_address>0xa7f0</load_address>
         <run_address>0xa7f0</run_address>
         <size>0xc</size>
         <input_file_ref idref="fl-30"/>
      </object_component>
      <object_component id="oc-86">
         <name>.const</name>
         <load_address>0xa7fc</load_address>
         <run_address>0xa7fc</run_address>
         <size>0x8</size>
         <input_file_ref idref="fl-1d"/>
      </object_component>
      <object_component id="oc-b5">
         <name>.const:.string</name>
         <load_address>0xa804</load_address>
         <run_address>0xa804</run_address>
         <size>0x4</size>
         <input_file_ref idref="fl-28"/>
      </object_component>
      <object_component id="oc-55">
         <name>.const</name>
         <load_address>0xa808</load_address>
         <run_address>0xa808</run_address>
         <size>0x4</size>
         <input_file_ref idref="fl-12"/>
      </object_component>
      <object_component id="oc-10c">
         <name>.sysmem</name>
         <uninitialized>true</uninitialized>
         <run_address>0x72a0</run_address>
         <size>0x0</size>
         <input_file_ref idref="fl-3b"/>
      </object_component>
      <object_component id="oc-138">
         <name>.sysmem</name>
         <uninitialized>true</uninitialized>
         <run_address>0x72a0</run_address>
         <size>0x0</size>
      </object_component>
      <object_component id="oc-c7">
         <name>.cinit</name>
         <load_address>0xaf60</load_address>
         <run_address>0xaf60</run_address>
         <size>0x5a</size>
         <input_file_ref idref="fl-2c"/>
      </object_component>
      <object_component id="oc-a9">
         <name>.cinit</name>
         <load_address>0xafba</load_address>
         <run_address>0xafba</run_address>
         <size>0x54</size>
         <input_file_ref idref="fl-25"/>
      </object_component>
      <object_component id="oc-17">
         <name>.cinit</name>
         <load_address>0xb00e</load_address>
         <run_address>0xb00e</run_address>
         <size>0x20</size>
         <input_file_ref idref="fl-2"/>
      </object_component>
      <object_component id="oc-90">
         <name>.cinit</name>
         <load_address>0xb02e</load_address>
         <run_address>0xb02e</run_address>
         <size>0x14</size>
         <input_file_ref idref="fl-1f"/>
      </object_component>
      <object_component id="oc-43">
         <name>.cinit</name>
         <load_address>0xb042</load_address>
         <run_address>0xb042</run_address>
         <size>0x14</size>
         <input_file_ref idref="fl-e"/>
      </object_component>
      <object_component id="oc-ad">
         <name>.cinit</name>
         <load_address>0xb056</load_address>
         <run_address>0xb056</run_address>
         <size>0x8</size>
         <input_file_ref idref="fl-26"/>
      </object_component>
      <object_component id="oc-105">
         <name>.cinit</name>
         <load_address>0xb05e</load_address>
         <run_address>0xb05e</run_address>
         <size>0x8</size>
         <input_file_ref idref="fl-3a"/>
      </object_component>
      <object_component id="oc-10b">
         <name>.cinit</name>
         <load_address>0xb066</load_address>
         <run_address>0xb066</run_address>
         <size>0x8</size>
         <input_file_ref idref="fl-3b"/>
      </object_component>
      <object_component id="oc-ea">
         <name>.cio</name>
         <load_address>0xad20</load_address>
         <run_address>0xad20</run_address>
         <size>0x240</size>
         <input_file_ref idref="fl-34"/>
      </object_component>
      <object_component id="oc-13">
         <name>vectors</name>
         <load_address>0xfe00</load_address>
         <run_address>0xfe00</run_address>
         <size>0x100</size>
         <input_file_ref idref="fl-1e"/>
      </object_component>
      <object_component id="oc-16">
         <name>.debug_info</name>
         <load_address>0x0</load_address>
         <run_address>0x0</run_address>
         <size>0x1198</size>
         <input_file_ref idref="fl-2"/>
      </object_component>
      <object_component id="oc-1d">
         <name>.debug_info</name>
         <load_address>0x1198</load_address>
         <run_address>0x1198</run_address>
         <size>0x8b3</size>
         <input_file_ref idref="fl-3"/>
      </object_component>
      <object_component id="oc-23">
         <name>.debug_info</name>
         <load_address>0x1a4b</load_address>
         <run_address>0x1a4b</run_address>
         <size>0xcb7</size>
         <input_file_ref idref="fl-4"/>
      </object_component>
      <object_component id="oc-29">
         <name>.debug_info</name>
         <load_address>0x2702</load_address>
         <run_address>0x2702</run_address>
         <size>0x5ab</size>
         <input_file_ref idref="fl-8"/>
      </object_component>
      <object_component id="oc-2d">
         <name>.debug_info</name>
         <load_address>0x2cad</load_address>
         <run_address>0x2cad</run_address>
         <size>0xe8</size>
         <input_file_ref idref="fl-9"/>
      </object_component>
      <object_component id="oc-31">
         <name>.debug_info</name>
         <load_address>0x2d95</load_address>
         <run_address>0x2d95</run_address>
         <size>0x81f</size>
         <input_file_ref idref="fl-a"/>
      </object_component>
      <object_component id="oc-35">
         <name>.debug_info</name>
         <load_address>0x35b4</load_address>
         <run_address>0x35b4</run_address>
         <size>0x7e8</size>
         <input_file_ref idref="fl-b"/>
      </object_component>
      <object_component id="oc-39">
         <name>.debug_info</name>
         <load_address>0x3d9c</load_address>
         <run_address>0x3d9c</run_address>
         <size>0x4f2</size>
         <input_file_ref idref="fl-c"/>
      </object_component>
      <object_component id="oc-3d">
         <name>.debug_info</name>
         <load_address>0x428e</load_address>
         <run_address>0x428e</run_address>
         <size>0x534</size>
         <input_file_ref idref="fl-d"/>
      </object_component>
      <object_component id="oc-42">
         <name>.debug_info</name>
         <load_address>0x47c2</load_address>
         <run_address>0x47c2</run_address>
         <size>0x5fb</size>
         <input_file_ref idref="fl-e"/>
      </object_component>
      <object_component id="oc-48">
         <name>.debug_info</name>
         <load_address>0x4dbd</load_address>
         <run_address>0x4dbd</run_address>
         <size>0x4cf</size>
         <input_file_ref idref="fl-f"/>
      </object_component>
      <object_component id="oc-4c">
         <name>.debug_info</name>
         <load_address>0x528c</load_address>
         <run_address>0x528c</run_address>
         <size>0x534</size>
         <input_file_ref idref="fl-10"/>
      </object_component>
      <object_component id="oc-50">
         <name>.debug_info</name>
         <load_address>0x57c0</load_address>
         <run_address>0x57c0</run_address>
         <size>0x4cf</size>
         <input_file_ref idref="fl-11"/>
      </object_component>
      <object_component id="oc-54">
         <name>.debug_info</name>
         <load_address>0x5c8f</load_address>
         <run_address>0x5c8f</run_address>
         <size>0x549</size>
         <input_file_ref idref="fl-12"/>
      </object_component>
      <object_component id="oc-59">
         <name>.debug_info</name>
         <load_address>0x61d8</load_address>
         <run_address>0x61d8</run_address>
         <size>0x7c0</size>
         <input_file_ref idref="fl-13"/>
      </object_component>
      <object_component id="oc-5e">
         <name>.debug_info</name>
         <load_address>0x6998</load_address>
         <run_address>0x6998</run_address>
         <size>0x53e</size>
         <input_file_ref idref="fl-14"/>
      </object_component>
      <object_component id="oc-62">
         <name>.debug_info</name>
         <load_address>0x6ed6</load_address>
         <run_address>0x6ed6</run_address>
         <size>0x518</size>
         <input_file_ref idref="fl-15"/>
      </object_component>
      <object_component id="oc-67">
         <name>.debug_info</name>
         <load_address>0x73ee</load_address>
         <run_address>0x73ee</run_address>
         <size>0x50e</size>
         <input_file_ref idref="fl-16"/>
      </object_component>
      <object_component id="oc-6c">
         <name>.debug_info</name>
         <load_address>0x78fc</load_address>
         <run_address>0x78fc</run_address>
         <size>0xbd</size>
         <input_file_ref idref="fl-17"/>
      </object_component>
      <object_component id="oc-70">
         <name>.debug_info</name>
         <load_address>0x79b9</load_address>
         <run_address>0x79b9</run_address>
         <size>0x55b</size>
         <input_file_ref idref="fl-18"/>
      </object_component>
      <object_component id="oc-74">
         <name>.debug_info</name>
         <load_address>0x7f14</load_address>
         <run_address>0x7f14</run_address>
         <size>0x4b7</size>
         <input_file_ref idref="fl-19"/>
      </object_component>
      <object_component id="oc-78">
         <name>.debug_info</name>
         <load_address>0x83cb</load_address>
         <run_address>0x83cb</run_address>
         <size>0x76c</size>
         <input_file_ref idref="fl-1a"/>
      </object_component>
      <object_component id="oc-7c">
         <name>.debug_info</name>
         <load_address>0x8b37</load_address>
         <run_address>0x8b37</run_address>
         <size>0x52e</size>
         <input_file_ref idref="fl-1b"/>
      </object_component>
      <object_component id="oc-81">
         <name>.debug_info</name>
         <load_address>0x9065</load_address>
         <run_address>0x9065</run_address>
         <size>0x4de</size>
         <input_file_ref idref="fl-1c"/>
      </object_component>
      <object_component id="oc-85">
         <name>.debug_info</name>
         <load_address>0x9543</load_address>
         <run_address>0x9543</run_address>
         <size>0x521</size>
         <input_file_ref idref="fl-1d"/>
      </object_component>
      <object_component id="oc-8a">
         <name>.debug_info</name>
         <load_address>0x9a64</load_address>
         <run_address>0x9a64</run_address>
         <size>0xbc</size>
         <input_file_ref idref="fl-1e"/>
      </object_component>
      <object_component id="oc-8f">
         <name>.debug_info</name>
         <load_address>0x9b20</load_address>
         <run_address>0x9b20</run_address>
         <size>0x5bc</size>
         <input_file_ref idref="fl-1f"/>
      </object_component>
      <object_component id="oc-94">
         <name>.debug_info</name>
         <load_address>0xa0dc</load_address>
         <run_address>0xa0dc</run_address>
         <size>0x27bd</size>
         <input_file_ref idref="fl-20"/>
      </object_component>
      <object_component id="oc-9a">
         <name>.debug_info</name>
         <load_address>0xc899</load_address>
         <run_address>0xc899</run_address>
         <size>0x586</size>
         <input_file_ref idref="fl-21"/>
      </object_component>
      <object_component id="oc-9e">
         <name>.debug_info</name>
         <load_address>0xce1f</load_address>
         <run_address>0xce1f</run_address>
         <size>0x5a4</size>
         <input_file_ref idref="fl-22"/>
      </object_component>
      <object_component id="oc-a2">
         <name>.debug_info</name>
         <load_address>0xd3c3</load_address>
         <run_address>0xd3c3</run_address>
         <size>0xcd</size>
         <input_file_ref idref="fl-23"/>
      </object_component>
      <object_component id="oc-a5">
         <name>.debug_info</name>
         <load_address>0xd490</load_address>
         <run_address>0xd490</run_address>
         <size>0x498</size>
         <input_file_ref idref="fl-24"/>
      </object_component>
      <object_component id="oc-a8">
         <name>.debug_info</name>
         <load_address>0xd928</load_address>
         <run_address>0xd928</run_address>
         <size>0x57e</size>
         <input_file_ref idref="fl-25"/>
      </object_component>
      <object_component id="oc-ac">
         <name>.debug_info</name>
         <load_address>0xdea6</load_address>
         <run_address>0xdea6</run_address>
         <size>0x47b</size>
         <input_file_ref idref="fl-26"/>
      </object_component>
      <object_component id="oc-b0">
         <name>.debug_info</name>
         <load_address>0xe321</load_address>
         <run_address>0xe321</run_address>
         <size>0x6aa</size>
         <input_file_ref idref="fl-27"/>
      </object_component>
      <object_component id="oc-b4">
         <name>.debug_info</name>
         <load_address>0xe9cb</load_address>
         <run_address>0xe9cb</run_address>
         <size>0x942</size>
         <input_file_ref idref="fl-28"/>
      </object_component>
      <object_component id="oc-b9">
         <name>.debug_info</name>
         <load_address>0xf30d</load_address>
         <run_address>0xf30d</run_address>
         <size>0x4d2</size>
         <input_file_ref idref="fl-29"/>
      </object_component>
      <object_component id="oc-bd">
         <name>.debug_info</name>
         <load_address>0xf7df</load_address>
         <run_address>0xf7df</run_address>
         <size>0x680</size>
         <input_file_ref idref="fl-2a"/>
      </object_component>
      <object_component id="oc-c1">
         <name>.debug_info</name>
         <load_address>0xfe5f</load_address>
         <run_address>0xfe5f</run_address>
         <size>0x7d4</size>
         <input_file_ref idref="fl-2b"/>
      </object_component>
      <object_component id="oc-c6">
         <name>.debug_info</name>
         <load_address>0x10633</load_address>
         <run_address>0x10633</run_address>
         <size>0x144b</size>
         <input_file_ref idref="fl-2c"/>
      </object_component>
      <object_component id="oc-cb">
         <name>.debug_info</name>
         <load_address>0x11a7e</load_address>
         <run_address>0x11a7e</run_address>
         <size>0x5ad</size>
         <input_file_ref idref="fl-2d"/>
      </object_component>
      <object_component id="oc-cf">
         <name>.debug_info</name>
         <load_address>0x1202b</load_address>
         <run_address>0x1202b</run_address>
         <size>0x574</size>
         <input_file_ref idref="fl-2e"/>
      </object_component>
      <object_component id="oc-d3">
         <name>.debug_info</name>
         <load_address>0x1259f</load_address>
         <run_address>0x1259f</run_address>
         <size>0xd1</size>
         <input_file_ref idref="fl-2f"/>
      </object_component>
      <object_component id="oc-d7">
         <name>.debug_info</name>
         <load_address>0x12670</load_address>
         <run_address>0x12670</run_address>
         <size>0x50c</size>
         <input_file_ref idref="fl-30"/>
      </object_component>
      <object_component id="oc-dc">
         <name>.debug_info</name>
         <load_address>0x12b7c</load_address>
         <run_address>0x12b7c</run_address>
         <size>0x4f2</size>
         <input_file_ref idref="fl-31"/>
      </object_component>
      <object_component id="oc-e0">
         <name>.debug_info</name>
         <load_address>0x1306e</load_address>
         <run_address>0x1306e</run_address>
         <size>0x534</size>
         <input_file_ref idref="fl-32"/>
      </object_component>
      <object_component id="oc-e5">
         <name>.debug_info</name>
         <load_address>0x135a2</load_address>
         <run_address>0x135a2</run_address>
         <size>0xed4</size>
         <input_file_ref idref="fl-33"/>
      </object_component>
      <object_component id="oc-e9">
         <name>.debug_info</name>
         <load_address>0x14476</load_address>
         <run_address>0x14476</run_address>
         <size>0x744</size>
         <input_file_ref idref="fl-34"/>
      </object_component>
      <object_component id="oc-ef">
         <name>.debug_info</name>
         <load_address>0x14bba</load_address>
         <run_address>0x14bba</run_address>
         <size>0xef</size>
         <input_file_ref idref="fl-35"/>
      </object_component>
      <object_component id="oc-f3">
         <name>.debug_info</name>
         <load_address>0x14ca9</load_address>
         <run_address>0x14ca9</run_address>
         <size>0x662</size>
         <input_file_ref idref="fl-36"/>
      </object_component>
      <object_component id="oc-f7">
         <name>.debug_info</name>
         <load_address>0x1530b</load_address>
         <run_address>0x1530b</run_address>
         <size>0x706</size>
         <input_file_ref idref="fl-37"/>
      </object_component>
      <object_component id="oc-fb">
         <name>.debug_info</name>
         <load_address>0x15a11</load_address>
         <run_address>0x15a11</run_address>
         <size>0x5f7</size>
         <input_file_ref idref="fl-38"/>
      </object_component>
      <object_component id="oc-ff">
         <name>.debug_info</name>
         <load_address>0x16008</load_address>
         <run_address>0x16008</run_address>
         <size>0x64a</size>
         <input_file_ref idref="fl-39"/>
      </object_component>
      <object_component id="oc-104">
         <name>.debug_info</name>
         <load_address>0x16652</load_address>
         <run_address>0x16652</run_address>
         <size>0xa1c</size>
         <input_file_ref idref="fl-3a"/>
      </object_component>
      <object_component id="oc-10a">
         <name>.debug_info</name>
         <load_address>0x1706e</load_address>
         <run_address>0x1706e</run_address>
         <size>0xb97</size>
         <input_file_ref idref="fl-3b"/>
      </object_component>
      <object_component id="oc-110">
         <name>.debug_info</name>
         <load_address>0x17c05</load_address>
         <run_address>0x17c05</run_address>
         <size>0x64f</size>
         <input_file_ref idref="fl-3c"/>
      </object_component>
      <object_component id="oc-114">
         <name>.debug_info</name>
         <load_address>0x18254</load_address>
         <run_address>0x18254</run_address>
         <size>0x510</size>
         <input_file_ref idref="fl-3d"/>
      </object_component>
      <object_component id="oc-13b">
         <name>.debug_info</name>
         <load_address>0x18764</load_address>
         <run_address>0x18764</run_address>
         <size>0x6e</size>
      </object_component>
      <object_component id="oc-19">
         <name>.debug_frame</name>
         <load_address>0x0</load_address>
         <run_address>0x0</run_address>
         <size>0x179</size>
         <input_file_ref idref="fl-2"/>
      </object_component>
      <object_component id="oc-1f">
         <name>.debug_frame</name>
         <load_address>0x179</load_address>
         <run_address>0x179</run_address>
         <size>0x171</size>
         <input_file_ref idref="fl-3"/>
      </object_component>
      <object_component id="oc-25">
         <name>.debug_frame</name>
         <load_address>0x2ea</load_address>
         <run_address>0x2ea</run_address>
         <size>0xe6</size>
         <input_file_ref idref="fl-4"/>
      </object_component>
      <object_component id="oc-1a">
         <name>.debug_line</name>
         <load_address>0x0</load_address>
         <run_address>0x0</run_address>
         <size>0x2cd</size>
         <input_file_ref idref="fl-2"/>
      </object_component>
      <object_component id="oc-20">
         <name>.debug_line</name>
         <load_address>0x2cd</load_address>
         <run_address>0x2cd</run_address>
         <size>0xf2</size>
         <input_file_ref idref="fl-3"/>
      </object_component>
      <object_component id="oc-26">
         <name>.debug_line</name>
         <load_address>0x3bf</load_address>
         <run_address>0x3bf</run_address>
         <size>0xc4</size>
         <input_file_ref idref="fl-4"/>
      </object_component>
      <object_component id="oc-2a">
         <name>.debug_line</name>
         <load_address>0x483</load_address>
         <run_address>0x483</run_address>
         <size>0x5c</size>
         <input_file_ref idref="fl-8"/>
      </object_component>
      <object_component id="oc-2e">
         <name>.debug_line</name>
         <load_address>0x4df</load_address>
         <run_address>0x4df</run_address>
         <size>0x54</size>
         <input_file_ref idref="fl-9"/>
      </object_component>
      <object_component id="oc-32">
         <name>.debug_line</name>
         <load_address>0x533</load_address>
         <run_address>0x533</run_address>
         <size>0xad</size>
         <input_file_ref idref="fl-a"/>
      </object_component>
      <object_component id="oc-36">
         <name>.debug_line</name>
         <load_address>0x5e0</load_address>
         <run_address>0x5e0</run_address>
         <size>0x5b</size>
         <input_file_ref idref="fl-b"/>
      </object_component>
      <object_component id="oc-3a">
         <name>.debug_line</name>
         <load_address>0x63b</load_address>
         <run_address>0x63b</run_address>
         <size>0x3c</size>
         <input_file_ref idref="fl-c"/>
      </object_component>
      <object_component id="oc-3e">
         <name>.debug_line</name>
         <load_address>0x677</load_address>
         <run_address>0x677</run_address>
         <size>0x44</size>
         <input_file_ref idref="fl-d"/>
      </object_component>
      <object_component id="oc-45">
         <name>.debug_line</name>
         <load_address>0x6bb</load_address>
         <run_address>0x6bb</run_address>
         <size>0x51</size>
         <input_file_ref idref="fl-e"/>
      </object_component>
      <object_component id="oc-49">
         <name>.debug_line</name>
         <load_address>0x70c</load_address>
         <run_address>0x70c</run_address>
         <size>0x3d</size>
         <input_file_ref idref="fl-f"/>
      </object_component>
      <object_component id="oc-4d">
         <name>.debug_line</name>
         <load_address>0x749</load_address>
         <run_address>0x749</run_address>
         <size>0x3d</size>
         <input_file_ref idref="fl-10"/>
      </object_component>
      <object_component id="oc-51">
         <name>.debug_line</name>
         <load_address>0x786</load_address>
         <run_address>0x786</run_address>
         <size>0x3d</size>
         <input_file_ref idref="fl-11"/>
      </object_component>
      <object_component id="oc-56">
         <name>.debug_line</name>
         <load_address>0x7c3</load_address>
         <run_address>0x7c3</run_address>
         <size>0x44</size>
         <input_file_ref idref="fl-12"/>
      </object_component>
      <object_component id="oc-5b">
         <name>.debug_line</name>
         <load_address>0x807</load_address>
         <run_address>0x807</run_address>
         <size>0x57</size>
         <input_file_ref idref="fl-13"/>
      </object_component>
      <object_component id="oc-5f">
         <name>.debug_line</name>
         <load_address>0x85e</load_address>
         <run_address>0x85e</run_address>
         <size>0x40</size>
         <input_file_ref idref="fl-14"/>
      </object_component>
      <object_component id="oc-64">
         <name>.debug_line</name>
         <load_address>0x89e</load_address>
         <run_address>0x89e</run_address>
         <size>0x3a</size>
         <input_file_ref idref="fl-15"/>
      </object_component>
      <object_component id="oc-69">
         <name>.debug_line</name>
         <load_address>0x8d8</load_address>
         <run_address>0x8d8</run_address>
         <size>0x3a</size>
         <input_file_ref idref="fl-16"/>
      </object_component>
      <object_component id="oc-6d">
         <name>.debug_line</name>
         <load_address>0x912</load_address>
         <run_address>0x912</run_address>
         <size>0x3c</size>
         <input_file_ref idref="fl-17"/>
      </object_component>
      <object_component id="oc-71">
         <name>.debug_line</name>
         <load_address>0x94e</load_address>
         <run_address>0x94e</run_address>
         <size>0x3c</size>
         <input_file_ref idref="fl-18"/>
      </object_component>
      <object_component id="oc-75">
         <name>.debug_line</name>
         <load_address>0x98a</load_address>
         <run_address>0x98a</run_address>
         <size>0x37</size>
         <input_file_ref idref="fl-19"/>
      </object_component>
      <object_component id="oc-79">
         <name>.debug_line</name>
         <load_address>0x9c1</load_address>
         <run_address>0x9c1</run_address>
         <size>0x69</size>
         <input_file_ref idref="fl-1a"/>
      </object_component>
      <object_component id="oc-7e">
         <name>.debug_line</name>
         <load_address>0xa2a</load_address>
         <run_address>0xa2a</run_address>
         <size>0x3a</size>
         <input_file_ref idref="fl-1b"/>
      </object_component>
      <object_component id="oc-82">
         <name>.debug_line</name>
         <load_address>0xa64</load_address>
         <run_address>0xa64</run_address>
         <size>0x37</size>
         <input_file_ref idref="fl-1c"/>
      </object_component>
      <object_component id="oc-87">
         <name>.debug_line</name>
         <load_address>0xa9b</load_address>
         <run_address>0xa9b</run_address>
         <size>0x38</size>
         <input_file_ref idref="fl-1d"/>
      </object_component>
      <object_component id="oc-8b">
         <name>.debug_line</name>
         <load_address>0xad3</load_address>
         <run_address>0xad3</run_address>
         <size>0x37</size>
         <input_file_ref idref="fl-1e"/>
      </object_component>
      <object_component id="oc-91">
         <name>.debug_line</name>
         <load_address>0xb0a</load_address>
         <run_address>0xb0a</run_address>
         <size>0x57</size>
         <input_file_ref idref="fl-1f"/>
      </object_component>
      <object_component id="oc-97">
         <name>.debug_line</name>
         <load_address>0xb61</load_address>
         <run_address>0xb61</run_address>
         <size>0x328</size>
         <input_file_ref idref="fl-20"/>
      </object_component>
      <object_component id="oc-9b">
         <name>.debug_line</name>
         <load_address>0xe89</load_address>
         <run_address>0xe89</run_address>
         <size>0x41</size>
         <input_file_ref idref="fl-21"/>
      </object_component>
      <object_component id="oc-9f">
         <name>.debug_line</name>
         <load_address>0xeca</load_address>
         <run_address>0xeca</run_address>
         <size>0x46</size>
         <input_file_ref idref="fl-22"/>
      </object_component>
      <object_component id="oc-a3">
         <name>.debug_line</name>
         <load_address>0xf10</load_address>
         <run_address>0xf10</run_address>
         <size>0x55</size>
         <input_file_ref idref="fl-23"/>
      </object_component>
      <object_component id="oc-b1">
         <name>.debug_line</name>
         <load_address>0xf65</load_address>
         <run_address>0xf65</run_address>
         <size>0x56</size>
         <input_file_ref idref="fl-27"/>
      </object_component>
      <object_component id="oc-b6">
         <name>.debug_line</name>
         <load_address>0xfbb</load_address>
         <run_address>0xfbb</run_address>
         <size>0xa8</size>
         <input_file_ref idref="fl-28"/>
      </object_component>
      <object_component id="oc-ba">
         <name>.debug_line</name>
         <load_address>0x1063</load_address>
         <run_address>0x1063</run_address>
         <size>0x3a</size>
         <input_file_ref idref="fl-29"/>
      </object_component>
      <object_component id="oc-be">
         <name>.debug_line</name>
         <load_address>0x109d</load_address>
         <run_address>0x109d</run_address>
         <size>0x38</size>
         <input_file_ref idref="fl-2a"/>
      </object_component>
      <object_component id="oc-c2">
         <name>.debug_line</name>
         <load_address>0x10d5</load_address>
         <run_address>0x10d5</run_address>
         <size>0xa8</size>
         <input_file_ref idref="fl-2b"/>
      </object_component>
      <object_component id="oc-c8">
         <name>.debug_line</name>
         <load_address>0x117d</load_address>
         <run_address>0x117d</run_address>
         <size>0x1b0</size>
         <input_file_ref idref="fl-2c"/>
      </object_component>
      <object_component id="oc-cc">
         <name>.debug_line</name>
         <load_address>0x132d</load_address>
         <run_address>0x132d</run_address>
         <size>0x40</size>
         <input_file_ref idref="fl-2d"/>
      </object_component>
      <object_component id="oc-d0">
         <name>.debug_line</name>
         <load_address>0x136d</load_address>
         <run_address>0x136d</run_address>
         <size>0x3c</size>
         <input_file_ref idref="fl-2e"/>
      </object_component>
      <object_component id="oc-d4">
         <name>.debug_line</name>
         <load_address>0x13a9</load_address>
         <run_address>0x13a9</run_address>
         <size>0x4d</size>
         <input_file_ref idref="fl-2f"/>
      </object_component>
      <object_component id="oc-d9">
         <name>.debug_line</name>
         <load_address>0x13f6</load_address>
         <run_address>0x13f6</run_address>
         <size>0x3c</size>
         <input_file_ref idref="fl-30"/>
      </object_component>
      <object_component id="oc-dd">
         <name>.debug_line</name>
         <load_address>0x1432</load_address>
         <run_address>0x1432</run_address>
         <size>0x3c</size>
         <input_file_ref idref="fl-31"/>
      </object_component>
      <object_component id="oc-e1">
         <name>.debug_line</name>
         <load_address>0x146e</load_address>
         <run_address>0x146e</run_address>
         <size>0x44</size>
         <input_file_ref idref="fl-32"/>
      </object_component>
      <object_component id="oc-e6">
         <name>.debug_line</name>
         <load_address>0x14b2</load_address>
         <run_address>0x14b2</run_address>
         <size>0x15d</size>
         <input_file_ref idref="fl-33"/>
      </object_component>
      <object_component id="oc-ec">
         <name>.debug_line</name>
         <load_address>0x160f</load_address>
         <run_address>0x160f</run_address>
         <size>0x6a</size>
         <input_file_ref idref="fl-34"/>
      </object_component>
      <object_component id="oc-f0">
         <name>.debug_line</name>
         <load_address>0x1679</load_address>
         <run_address>0x1679</run_address>
         <size>0x58</size>
         <input_file_ref idref="fl-35"/>
      </object_component>
      <object_component id="oc-f4">
         <name>.debug_line</name>
         <load_address>0x16d1</load_address>
         <run_address>0x16d1</run_address>
         <size>0x57</size>
         <input_file_ref idref="fl-36"/>
      </object_component>
      <object_component id="oc-f8">
         <name>.debug_line</name>
         <load_address>0x1728</load_address>
         <run_address>0x1728</run_address>
         <size>0x5b</size>
         <input_file_ref idref="fl-37"/>
      </object_component>
      <object_component id="oc-fc">
         <name>.debug_line</name>
         <load_address>0x1783</load_address>
         <run_address>0x1783</run_address>
         <size>0x3c</size>
         <input_file_ref idref="fl-38"/>
      </object_component>
      <object_component id="oc-100">
         <name>.debug_line</name>
         <load_address>0x17bf</load_address>
         <run_address>0x17bf</run_address>
         <size>0x3f</size>
         <input_file_ref idref="fl-39"/>
      </object_component>
      <object_component id="oc-106">
         <name>.debug_line</name>
         <load_address>0x17fe</load_address>
         <run_address>0x17fe</run_address>
         <size>0xd7</size>
         <input_file_ref idref="fl-3a"/>
      </object_component>
      <object_component id="oc-10d">
         <name>.debug_line</name>
         <load_address>0x18d5</load_address>
         <run_address>0x18d5</run_address>
         <size>0x112</size>
         <input_file_ref idref="fl-3b"/>
      </object_component>
      <object_component id="oc-111">
         <name>.debug_line</name>
         <load_address>0x19e7</load_address>
         <run_address>0x19e7</run_address>
         <size>0x3d</size>
         <input_file_ref idref="fl-3c"/>
      </object_component>
      <object_component id="oc-115">
         <name>.debug_line</name>
         <load_address>0x1a24</load_address>
         <run_address>0x1a24</run_address>
         <size>0x39</size>
         <input_file_ref idref="fl-3d"/>
      </object_component>
      <object_component id="oc-1b">
         <name>.debug_abbrev</name>
         <load_address>0x0</load_address>
         <run_address>0x0</run_address>
         <size>0x187</size>
         <input_file_ref idref="fl-2"/>
      </object_component>
      <object_component id="oc-21">
         <name>.debug_abbrev</name>
         <load_address>0x187</load_address>
         <run_address>0x187</run_address>
         <size>0x95</size>
         <input_file_ref idref="fl-3"/>
      </object_component>
      <object_component id="oc-27">
         <name>.debug_abbrev</name>
         <load_address>0x21c</load_address>
         <run_address>0x21c</run_address>
         <size>0xf9</size>
         <input_file_ref idref="fl-4"/>
      </object_component>
      <object_component id="oc-2b">
         <name>.debug_abbrev</name>
         <load_address>0x315</load_address>
         <run_address>0x315</run_address>
         <size>0xd4</size>
         <input_file_ref idref="fl-8"/>
      </object_component>
      <object_component id="oc-2f">
         <name>.debug_abbrev</name>
         <load_address>0x3e9</load_address>
         <run_address>0x3e9</run_address>
         <size>0x3a</size>
         <input_file_ref idref="fl-9"/>
      </object_component>
      <object_component id="oc-33">
         <name>.debug_abbrev</name>
         <load_address>0x423</load_address>
         <run_address>0x423</run_address>
         <size>0xb7</size>
         <input_file_ref idref="fl-a"/>
      </object_component>
      <object_component id="oc-37">
         <name>.debug_abbrev</name>
         <load_address>0x4da</load_address>
         <run_address>0x4da</run_address>
         <size>0x112</size>
         <input_file_ref idref="fl-b"/>
      </object_component>
      <object_component id="oc-3b">
         <name>.debug_abbrev</name>
         <load_address>0x5ec</load_address>
         <run_address>0x5ec</run_address>
         <size>0xa6</size>
         <input_file_ref idref="fl-c"/>
      </object_component>
      <object_component id="oc-3f">
         <name>.debug_abbrev</name>
         <load_address>0x692</load_address>
         <run_address>0x692</run_address>
         <size>0xb5</size>
         <input_file_ref idref="fl-d"/>
      </object_component>
      <object_component id="oc-46">
         <name>.debug_abbrev</name>
         <load_address>0x747</load_address>
         <run_address>0x747</run_address>
         <size>0xf7</size>
         <input_file_ref idref="fl-e"/>
      </object_component>
      <object_component id="oc-4a">
         <name>.debug_abbrev</name>
         <load_address>0x83e</load_address>
         <run_address>0x83e</run_address>
         <size>0x8f</size>
         <input_file_ref idref="fl-f"/>
      </object_component>
      <object_component id="oc-4e">
         <name>.debug_abbrev</name>
         <load_address>0x8cd</load_address>
         <run_address>0x8cd</run_address>
         <size>0xb7</size>
         <input_file_ref idref="fl-10"/>
      </object_component>
      <object_component id="oc-52">
         <name>.debug_abbrev</name>
         <load_address>0x984</load_address>
         <run_address>0x984</run_address>
         <size>0x8f</size>
         <input_file_ref idref="fl-11"/>
      </object_component>
      <object_component id="oc-57">
         <name>.debug_abbrev</name>
         <load_address>0xa13</load_address>
         <run_address>0xa13</run_address>
         <size>0xc2</size>
         <input_file_ref idref="fl-12"/>
      </object_component>
      <object_component id="oc-5c">
         <name>.debug_abbrev</name>
         <load_address>0xad5</load_address>
         <run_address>0xad5</run_address>
         <size>0xdc</size>
         <input_file_ref idref="fl-13"/>
      </object_component>
      <object_component id="oc-60">
         <name>.debug_abbrev</name>
         <load_address>0xbb1</load_address>
         <run_address>0xbb1</run_address>
         <size>0x9a</size>
         <input_file_ref idref="fl-14"/>
      </object_component>
      <object_component id="oc-65">
         <name>.debug_abbrev</name>
         <load_address>0xc4b</load_address>
         <run_address>0xc4b</run_address>
         <size>0xa8</size>
         <input_file_ref idref="fl-15"/>
      </object_component>
      <object_component id="oc-6a">
         <name>.debug_abbrev</name>
         <load_address>0xcf3</load_address>
         <run_address>0xcf3</run_address>
         <size>0x9f</size>
         <input_file_ref idref="fl-16"/>
      </object_component>
      <object_component id="oc-6e">
         <name>.debug_abbrev</name>
         <load_address>0xd92</load_address>
         <run_address>0xd92</run_address>
         <size>0x38</size>
         <input_file_ref idref="fl-17"/>
      </object_component>
      <object_component id="oc-72">
         <name>.debug_abbrev</name>
         <load_address>0xdca</load_address>
         <run_address>0xdca</run_address>
         <size>0xdc</size>
         <input_file_ref idref="fl-18"/>
      </object_component>
      <object_component id="oc-76">
         <name>.debug_abbrev</name>
         <load_address>0xea6</load_address>
         <run_address>0xea6</run_address>
         <size>0x81</size>
         <input_file_ref idref="fl-19"/>
      </object_component>
      <object_component id="oc-7a">
         <name>.debug_abbrev</name>
         <load_address>0xf27</load_address>
         <run_address>0xf27</run_address>
         <size>0x145</size>
         <input_file_ref idref="fl-1a"/>
      </object_component>
      <object_component id="oc-7f">
         <name>.debug_abbrev</name>
         <load_address>0x106c</load_address>
         <run_address>0x106c</run_address>
         <size>0xaf</size>
         <input_file_ref idref="fl-1b"/>
      </object_component>
      <object_component id="oc-83">
         <name>.debug_abbrev</name>
         <load_address>0x111b</load_address>
         <run_address>0x111b</run_address>
         <size>0x8f</size>
         <input_file_ref idref="fl-1c"/>
      </object_component>
      <object_component id="oc-88">
         <name>.debug_abbrev</name>
         <load_address>0x11aa</load_address>
         <run_address>0x11aa</run_address>
         <size>0xaf</size>
         <input_file_ref idref="fl-1d"/>
      </object_component>
      <object_component id="oc-8c">
         <name>.debug_abbrev</name>
         <load_address>0x1259</load_address>
         <run_address>0x1259</run_address>
         <size>0x26</size>
         <input_file_ref idref="fl-1e"/>
      </object_component>
      <object_component id="oc-92">
         <name>.debug_abbrev</name>
         <load_address>0x127f</load_address>
         <run_address>0x127f</run_address>
         <size>0x9f</size>
         <input_file_ref idref="fl-1f"/>
      </object_component>
      <object_component id="oc-98">
         <name>.debug_abbrev</name>
         <load_address>0x131e</load_address>
         <run_address>0x131e</run_address>
         <size>0x1f8</size>
         <input_file_ref idref="fl-20"/>
      </object_component>
      <object_component id="oc-9c">
         <name>.debug_abbrev</name>
         <load_address>0x1516</load_address>
         <run_address>0x1516</run_address>
         <size>0xec</size>
         <input_file_ref idref="fl-21"/>
      </object_component>
      <object_component id="oc-a0">
         <name>.debug_abbrev</name>
         <load_address>0x1602</load_address>
         <run_address>0x1602</run_address>
         <size>0xd5</size>
         <input_file_ref idref="fl-22"/>
      </object_component>
      <object_component id="oc-a4">
         <name>.debug_abbrev</name>
         <load_address>0x16d7</load_address>
         <run_address>0x16d7</run_address>
         <size>0x44</size>
         <input_file_ref idref="fl-23"/>
      </object_component>
      <object_component id="oc-a6">
         <name>.debug_abbrev</name>
         <load_address>0x171b</load_address>
         <run_address>0x171b</run_address>
         <size>0x68</size>
         <input_file_ref idref="fl-24"/>
      </object_component>
      <object_component id="oc-aa">
         <name>.debug_abbrev</name>
         <load_address>0x1783</load_address>
         <run_address>0x1783</run_address>
         <size>0x83</size>
         <input_file_ref idref="fl-25"/>
      </object_component>
      <object_component id="oc-ae">
         <name>.debug_abbrev</name>
         <load_address>0x1806</load_address>
         <run_address>0x1806</run_address>
         <size>0x44</size>
         <input_file_ref idref="fl-26"/>
      </object_component>
      <object_component id="oc-b2">
         <name>.debug_abbrev</name>
         <load_address>0x184a</load_address>
         <run_address>0x184a</run_address>
         <size>0x103</size>
         <input_file_ref idref="fl-27"/>
      </object_component>
      <object_component id="oc-b7">
         <name>.debug_abbrev</name>
         <load_address>0x194d</load_address>
         <run_address>0x194d</run_address>
         <size>0x140</size>
         <input_file_ref idref="fl-28"/>
      </object_component>
      <object_component id="oc-bb">
         <name>.debug_abbrev</name>
         <load_address>0x1a8d</load_address>
         <run_address>0x1a8d</run_address>
         <size>0x81</size>
         <input_file_ref idref="fl-29"/>
      </object_component>
      <object_component id="oc-bf">
         <name>.debug_abbrev</name>
         <load_address>0x1b0e</load_address>
         <run_address>0x1b0e</run_address>
         <size>0xd0</size>
         <input_file_ref idref="fl-2a"/>
      </object_component>
      <object_component id="oc-c3">
         <name>.debug_abbrev</name>
         <load_address>0x1bde</load_address>
         <run_address>0x1bde</run_address>
         <size>0xb7</size>
         <input_file_ref idref="fl-2b"/>
      </object_component>
      <object_component id="oc-c9">
         <name>.debug_abbrev</name>
         <load_address>0x1c95</load_address>
         <run_address>0x1c95</run_address>
         <size>0x225</size>
         <input_file_ref idref="fl-2c"/>
      </object_component>
      <object_component id="oc-cd">
         <name>.debug_abbrev</name>
         <load_address>0x1eba</load_address>
         <run_address>0x1eba</run_address>
         <size>0xec</size>
         <input_file_ref idref="fl-2d"/>
      </object_component>
      <object_component id="oc-d1">
         <name>.debug_abbrev</name>
         <load_address>0x1fa6</load_address>
         <run_address>0x1fa6</run_address>
         <size>0xb7</size>
         <input_file_ref idref="fl-2e"/>
      </object_component>
      <object_component id="oc-d5">
         <name>.debug_abbrev</name>
         <load_address>0x205d</load_address>
         <run_address>0x205d</run_address>
         <size>0x38</size>
         <input_file_ref idref="fl-2f"/>
      </object_component>
      <object_component id="oc-da">
         <name>.debug_abbrev</name>
         <load_address>0x2095</load_address>
         <run_address>0x2095</run_address>
         <size>0x98</size>
         <input_file_ref idref="fl-30"/>
      </object_component>
      <object_component id="oc-de">
         <name>.debug_abbrev</name>
         <load_address>0x212d</load_address>
         <run_address>0x212d</run_address>
         <size>0xa6</size>
[...]
         <object_component_ref idref="oc-14"/>
      </symbol>
      <symbol id="sm-c2">
         <name>_ret2pol</name>
         <value>0x1bb8</value>
         <object_component_ref idref="oc-14"/>
      </symbol>
      <symbol id="sm-c3">
         <name>_arctan_table</name>
         <value>0xacd6</value>
         <object_component_ref idref="oc-15"/>
      </symbol>
      <symbol id="sm-c4">
         <name>_divide</name>
         <value>0x1da4</value>
         <object_component_ref idref="oc-14"/>
      </symbol>
      <symbol id="sm-dc">
         <name>_divQ12</name>
         <value>0x42c9</value>
         <object_component_ref idref="oc-1c"/>
      </symbol>
      <symbol id="sm-dd">
         <name>_toQ12</name>
         <value>0x422f</value>
         <object_component_ref idref="oc-1c"/>
      </symbol>
      <symbol id="sm-de">
         <name>_toQ15</name>
         <value>0x427c</value>
         <object_component_ref idref="oc-1c"/>
      </symbol>
      <symbol id="sm-df">
         <name>_mulQ12</name>
         <value>0x430b</value>
         <object_component_ref idref="oc-1c"/>
      </symbol>
      <symbol id="sm-e0">
         <name>_Q12toFloat</name>
         <value>0x424e</value>
         <object_component_ref idref="oc-1c"/>
      </symbol>
      <symbol id="sm-e1">
         <name>_Q15toFloat</name>
         <value>0x429b</value>
         <object_component_ref idref="oc-1c"/>
      </symbol>
      <symbol id="sm-132">
         <name>_main</name>
         <value>0x3128</value>
         <object_component_ref idref="oc-22"/>
      </symbol>
      <symbol id="sm-13c">
         <name>__addd</name>
         <value>0x3901</value>
         <object_component_ref idref="oc-28"/>
      </symbol>
      <symbol id="sm-148">
         <name>__sysstack</name>
         <value>0x92a0</value>
         <object_component_ref idref="oc-117"/>
      </symbol>
      <symbol id="sm-149">
         <name>_c_int00</name>
         <value>0x515c</value>
         <object_component_ref idref="oc-12"/>
      </symbol>
      <symbol id="sm-14a">
         <name>__stack</name>
         <value>0x52a0</value>
         <object_component_ref idref="oc-2c"/>
      </symbol>
      <symbol id="sm-154">
         <name>__eqld</name>
         <value>0x3ef4</value>
         <object_component_ref idref="oc-30"/>
      </symbol>
      <symbol id="sm-155">
         <name>__cmpd</name>
         <value>0x3f28</value>
         <object_component_ref idref="oc-30"/>
      </symbol>
      <symbol id="sm-156">
         <name>__neqd</name>
         <value>0x3d96</value>
         <object_component_ref idref="oc-30"/>
      </symbol>
      <symbol id="sm-157">
         <name>__gtrd</name>
         <value>0x3e5f</value>
         <object_component_ref idref="oc-30"/>
      </symbol>
      <symbol id="sm-158">
         <name>__geqd</name>
         <value>0x3eaa</value>
         <object_component_ref idref="oc-30"/>
      </symbol>
      <symbol id="sm-159">
         <name>__leqd</name>
         <value>0x3e12</value>
         <object_component_ref idref="oc-30"/>
      </symbol>
      <symbol id="sm-15a">
         <name>__lssd</name>
         <value>0x3dca</value>
         <object_component_ref idref="oc-30"/>
      </symbol>
      <symbol id="sm-166">
         <name>__divd</name>
         <value>0x2d5c</value>
         <object_component_ref idref="oc-34"/>
      </symbol>
      <symbol id="sm-170">
         <name>__divli</name>
         <value>0x5056</value>
         <object_component_ref idref="oc-38"/>
      </symbol>
      <symbol id="sm-17b">
         <name>__divul</name>
         <value>0x49c6</value>
         <object_component_ref idref="oc-3c"/>
      </symbol>
      <symbol id="sm-18b">
         <name>C$$EXIT</name>
         <value>0x5281</value>
         <object_component_ref idref="oc-44"/>
      </symbol>
      <symbol id="sm-18c">
         <name>_exit</name>
         <value>0x511e</value>
         <object_component_ref idref="oc-40"/>
      </symbol>
      <symbol id="sm-18d">
         <name>_abort</name>
         <value>0x5280</value>
         <object_component_ref idref="oc-44"/>
      </symbol>
      <symbol id="sm-18e">
         <name>__cleanup_ptr</name>
         <value>0xad04</value>
         <object_component_ref idref="oc-41"/>
      </symbol>
      <symbol id="sm-18f">
         <name>__dtors_ptr</name>
         <value>0xad08</value>
         <object_component_ref idref="oc-41"/>
      </symbol>
      <symbol id="sm-199">
         <name>__fixdi</name>
         <value>0x5190</value>
         <object_component_ref idref="oc-47"/>
      </symbol>
      <symbol id="sm-1a3">
         <name>__fixdli</name>
         <value>0x4cba</value>
         <object_component_ref idref="oc-4b"/>
      </symbol>
      <symbol id="sm-1ad">
         <name>__fltid</name>
         <value>0x526a</value>
         <object_component_ref idref="oc-4f"/>
      </symbol>
      <symbol id="sm-1b9">
         <name>__fltlid</name>
         <value>0x4e01</value>
         <object_component_ref idref="oc-53"/>
      </symbol>
      <symbol id="sm-1c5">
         <name>_fmod</name>
         <value>0x3b5b</value>
         <object_component_ref idref="oc-58"/>
      </symbol>
      <symbol id="sm-1cf">
         <name>__frcmpyd_div</name>
         <value>0x4bd5</value>
         <object_component_ref idref="oc-5d"/>
      </symbol>
      <symbol id="sm-1db">
         <name>_frexp</name>
         <value>0x4619</value>
         <object_component_ref idref="oc-61"/>
      </symbol>
      <symbol id="sm-1e7">
         <name>_ldexp</name>
         <value>0x4364</value>
         <object_component_ref idref="oc-66"/>
      </symbol>
      <symbol id="sm-1ef">
         <name>__mpyli</name>
         <value>0x5235</value>
         <object_component_ref idref="oc-6b"/>
      </symbol>
      <symbol id="sm-1f0">
         <name>I$$LMPY</name>
         <value>0x5235</value>
         <object_component_ref idref="oc-6b"/>
      </symbol>
      <symbol id="sm-1fa">
         <name>__mpyd</name>
         <value>0x40e3</value>
         <object_component_ref idref="oc-6f"/>
      </symbol>
      <symbol id="sm-204">
         <name>__negd</name>
         <value>0x525a</value>
         <object_component_ref idref="oc-73"/>
      </symbol>
      <symbol id="sm-20e">
         <name>_printf</name>
         <value>0x4f23</value>
         <object_component_ref idref="oc-77"/>
      </symbol>
      <symbol id="sm-21a">
         <name>__nround</name>
         <value>0x4e68</value>
         <object_component_ref idref="oc-7b"/>
      </symbol>
      <symbol id="sm-224">
         <name>__subd</name>
         <value>0x5221</value>
         <object_component_ref idref="oc-80"/>
      </symbol>
      <symbol id="sm-230">
         <name>__trunc</name>
         <value>0x509e</value>
         <object_component_ref idref="oc-84"/>
      </symbol>
      <symbol id="sm-23a">
         <name>_Reset</name>
         <value>0xfe00</value>
         <object_component_ref idref="oc-13"/>
      </symbol>
      <symbol id="sm-248">
         <name>__unlock</name>
         <value>0xad00</value>
         <object_component_ref idref="oc-8e"/>
      </symbol>
      <symbol id="sm-249">
         <name>__lock</name>
         <value>0xacfc</value>
         <object_component_ref idref="oc-8e"/>
      </symbol>
      <symbol id="sm-24a">
         <name>__register_lock</name>
         <value>0x5250</value>
         <object_component_ref idref="oc-8d"/>
      </symbol>
      <symbol id="sm-24b">
         <name>__nop</name>
         <value>0x5258</value>
         <object_component_ref idref="oc-8d"/>
      </symbol>
      <symbol id="sm-24c">
         <name>__register_unlock</name>
         <value>0x5248</value>
         <object_component_ref idref="oc-8d"/>
      </symbol>
      <symbol id="sm-25e">
         <name>__printfi</name>
         <value>0x1662</value>
         <object_component_ref idref="oc-93"/>
      </symbol>
      <symbol id="sm-268">
         <name>__args_main</name>
         <value>0x4fc0</value>
         <object_component_ref idref="oc-99"/>
      </symbol>
      <symbol id="sm-269">
         <name>__TI_args_main</name>
         <value>0x1</value>
      </symbol>
      <symbol id="sm-273">
         <name>_atoi</name>
         <value>0x4ec7</value>
         <object_component_ref idref="oc-9d"/>
      </symbol>
      <symbol id="sm-27b">
         <name>_auto_init</name>
         <value>0x4f73</value>
         <object_component_ref idref="oc-a1"/>
      </symbol>
      <symbol id="sm-283">
         <name>__ctypes_</name>
         <value>0xa2a0</value>
         <object_component_ref idref="oc-11e"/>
      </symbol>
      <symbol id="sm-28d">
         <name>__tmpnams</name>
         <value>0xa910</value>
         <object_component_ref idref="oc-a7"/>
      </symbol>
      <symbol id="sm-28e">
         <name>__ft_end</name>
         <value>0xaa50</value>
         <object_component_ref idref="oc-a7"/>
      </symbol>
      <symbol id="sm-28f">
         <name>__ftable</name>
         <value>0xa820</value>
         <object_component_ref idref="oc-a7"/>
      </symbol>
      <symbol id="sm-299">
         <name>_errno</name>
         <value>0xabf2</value>
         <object_component_ref idref="oc-ab"/>
      </symbol>
      <symbol id="sm-2a3">
         <name>_putchar</name>
         <value>0x49b7</value>
         <object_component_ref idref="oc-af"/>
      </symbol>
      <symbol id="sm-2a4">
         <name>_putc</name>
         <value>0x4920</value>
         <object_component_ref idref="oc-af"/>
      </symbol>
      <symbol id="sm-2a5">
         <name>_fputc</name>
         <value>0x4920</value>
         <object_component_ref idref="oc-af"/>
      </symbol>
      <symbol id="sm-2b3">
         <name>_puts</name>
         <value>0x40b5</value>
         <object_component_ref idref="oc-b3"/>
      </symbol>
      <symbol id="sm-2b4">
         <name>_fputs</name>
         <value>0x3f80</value>
         <object_component_ref idref="oc-b3"/>
      </symbol>
      <symbol id="sm-2be">
         <name>__frcmpyd</name>
         <value>0x4b5f</value>
         <object_component_ref idref="oc-b8"/>
      </symbol>
      <symbol id="sm-2c8">
         <name>___isinf</name>
         <value>0x5207</value>
         <object_component_ref idref="oc-bc"/>
      </symbol>
      <symbol id="sm-2d2">
         <name>__divull</name>
         <value>0x37d8</value>
         <object_component_ref idref="oc-c0"/>
      </symbol>
      <symbol id="sm-2d3">
         <name>__mpylli</name>
         <value>0x3720</value>
         <object_component_ref idref="oc-c0"/>
      </symbol>
      <symbol id="sm-2d4">
         <name>__remlli</name>
         <value>0x36f1</value>
         <object_component_ref idref="oc-c0"/>
      </symbol>
      <symbol id="sm-2d5">
         <name>__divlli</name>
         <value>0x38cc</value>
         <object_component_ref idref="oc-c0"/>
      </symbol>
      <symbol id="sm-2d6">
         <name>__remull</name>
         <value>0x36a3</value>
         <object_component_ref idref="oc-c0"/>
      </symbol>
      <symbol id="sm-2e8">
         <name>_add_device</name>
         <value>0x228f</value>
         <object_component_ref idref="oc-c4"/>
      </symbol>
      <symbol id="sm-2e9">
         <name>_rename</name>
         <value>0x1fb1</value>
         <object_component_ref idref="oc-c4"/>
      </symbol>
      <symbol id="sm-2ea">
         <name>_read</name>
         <value>0x2040</value>
         <object_component_ref idref="oc-c4"/>
      </symbol>
      <symbol id="sm-2eb">
         <name>_unlink</name>
         <value>0x1f7e</value>
         <object_component_ref idref="oc-c4"/>
      </symbol>
      <symbol id="sm-2ec">
         <name>_remove_device</name>
         <value>0x200a</value>
         <object_component_ref idref="oc-c4"/>
      </symbol>
      <symbol id="sm-2ed">
         <name>_open</name>
         <value>0x20ee</value>
         <object_component_ref idref="oc-c4"/>
      </symbol>
      <symbol id="sm-2ee">
         <name>_find_registered_device</name>
         <value>0x2213</value>
         <object_component_ref idref="oc-c4"/>
      </symbol>
      <symbol id="sm-2ef">
         <name>_lseek</name>
         <value>0x21ad</value>
         <object_component_ref idref="oc-c4"/>
      </symbol>
      <symbol id="sm-2f0">
         <name>_close</name>
         <value>0x221c</value>
         <object_component_ref idref="oc-c4"/>
      </symbol>
      <symbol id="sm-2f1">
         <name>_write</name>
         <value>0x1e3c</value>
         <object_component_ref idref="oc-c4"/>
      </symbol>
      <symbol id="sm-2fb">
         <name>_ltoa</name>
         <value>0x4a67</value>
         <object_component_ref idref="oc-ca"/>
      </symbol>
      <symbol id="sm-306">
         <name>_memccpy</name>
         <value>0x51e4</value>
         <object_component_ref idref="oc-ce"/>
      </symbol>
      <symbol id="sm-30e">
         <name>_memcpy</name>
         <value>0x50df</value>
         <object_component_ref idref="oc-d2"/>
      </symbol>
      <symbol id="sm-31a">
         <name>_modf</name>
         <value>0x47a7</value>
         <object_component_ref idref="oc-d6"/>
      </symbol>
      <symbol id="sm-324">
         <name>__remli</name>
         <value>0x500b</value>
         <object_component_ref idref="oc-db"/>
      </symbol>
      <symbol id="sm-32f">
         <name>__remul</name>
         <value>0x4c48</value>
         <object_component_ref idref="oc-df"/>
      </symbol>
      <symbol id="sm-33b">
         <name>_HOSTopen</name>
         <value>0x268a</value>
         <object_component_ref idref="oc-e3"/>
      </symbol>
      <symbol id="sm-33c">
         <name>_HOSTread</name>
         <value>0x25fd</value>
         <object_component_ref idref="oc-e3"/>
      </symbol>
      <symbol id="sm-33d">
         <name>_HOSTtime</name>
         <value>0x24f1</value>
         <object_component_ref idref="oc-e3"/>
      </symbol>
      <symbol id="sm-33e">
         <name>_getenv</name>
         <value>0x237f</value>
         <object_component_ref idref="oc-e3"/>
      </symbol>
      <symbol id="sm-33f">
         <name>_HOSTrename</name>
         <value>0x254f</value>
         <object_component_ref idref="oc-e3"/>
      </symbol>
      <symbol id="sm-340">
         <name>_HOSTclock</name>
         <value>0x2849</value>
         <object_component_ref idref="oc-e3"/>
      </symbol>
      <symbol id="sm-341">
         <name>_HOSTwrite</name>
         <value>0x23fa</value>
         <object_component_ref idref="oc-e3"/>
      </symbol>
      <symbol id="sm-342">
         <name>_HOSTlseek</name>
         <value>0x2729</value>
         <object_component_ref idref="oc-e3"/>
      </symbol>
      <symbol id="sm-343">
         <name>_HOSTunlink</name>
         <value>0x2487</value>
         <object_component_ref idref="oc-e3"/>
      </symbol>
      <symbol id="sm-344">
         <name>_HOSTclose</name>
         <value>0x27de</value>
         <object_component_ref idref="oc-e3"/>
      </symbol>
      <symbol id="sm-356">
         <name>C$$IO$$</name>
         <value>0x491b</value>
         <object_component_ref idref="oc-eb"/>
      </symbol>
      <symbol id="sm-357">
         <name>__CIOBUF_</name>
         <value>0xad20</value>
         <object_component_ref idref="oc-ea"/>
      </symbol>
      <symbol id="sm-358">
         <name>_readmsg</name>
         <value>0x4d29</value>
         <object_component_ref idref="oc-e8"/>
      </symbol>
      <symbol id="sm-359">
         <name>_writemsg</name>
         <value>0x4866</value>
         <object_component_ref idref="oc-eb"/>
      </symbol>
      <symbol id="sm-361">
         <name>__remu</name>
         <value>0x51cf</value>
         <object_component_ref idref="oc-ee"/>
      </symbol>
      <symbol id="sm-362">
         <name>__divu</name>
         <value>0x51ba</value>
         <object_component_ref idref="oc-ee"/>
      </symbol>
      <symbol id="sm-363">
         <name>I$$UMOD</name>
         <value>0x51cf</value>
         <object_component_ref idref="oc-ee"/>
      </symbol>
      <symbol id="sm-364">
         <name>I$$UDIV</name>
         <value>0x51ba</value>
         <object_component_ref idref="oc-ee"/>
      </symbol>
      <symbol id="sm-36e">
         <name>__rd_ok</name>
         <value>0x45bc</value>
         <object_component_ref idref="oc-f2"/>
      </symbol>
      <symbol id="sm-36f">
         <name>__wrt_ok</name>
         <value>0x453c</value>
         <object_component_ref idref="oc-f2"/>
      </symbol>
      <symbol id="sm-379">
         <name>__doflush</name>
         <value>0x46e5</value>
         <object_component_ref idref="oc-f6"/>
      </symbol>
      <symbol id="sm-37a">
         <name>_fflush</name>
         <value>0x474e</value>
         <object_component_ref idref="oc-f6"/>
      </symbol>
      <symbol id="sm-384">
         <name>_fseek</name>
         <value>0x4d96</value>
         <object_component_ref idref="oc-fa"/>
      </symbol>
      <symbol id="sm-38e">
         <name>_setvbuf</name>
         <value>0x4456</value>
         <object_component_ref idref="oc-fe"/>
      </symbol>
      <symbol id="sm-39d">
         <name>__cleanup</name>
         <value>0x3545</value>
         <object_component_ref idref="oc-102"/>
      </symbol>
      <symbol id="sm-39e">
         <name>_fopen</name>
         <value>0x3668</value>
         <object_component_ref idref="oc-102"/>
      </symbol>
      <symbol id="sm-39f">
         <name>_freopen</name>
         <value>0x359f</value>
         <object_component_ref idref="oc-102"/>
      </symbol>
      <symbol id="sm-3af">
         <name>__sys_memory</name>
         <value>0x72a0</value>
         <object_component_ref idref="oc-10c"/>
      </symbol>
      <symbol id="sm-3b0">
         <name>_chkheap</name>
         <value>0x2d2e</value>
         <object_component_ref idref="oc-108"/>
      </symbol>
      <symbol id="sm-3b1">
         <name>_realloc</name>
         <value>0x2acd</value>
         <object_component_ref idref="oc-108"/>
      </symbol>
      <symbol id="sm-3b2">
         <name>_free_memory</name>
         <value>0x2cd8</value>
         <object_component_ref idref="oc-108"/>
      </symbol>
      <symbol id="sm-3b3">
         <name>_max_free</name>
         <value>0x2c7e</value>
         <object_component_ref idref="oc-108"/>
      </symbol>
      <symbol id="sm-3b4">
         <name>_free</name>
         <value>0x28a7</value>
         <object_component_ref idref="oc-108"/>
      </symbol>
      <symbol id="sm-3b5">
         <name>_calloc</name>
         <value>0x2d36</value>
         <object_component_ref idref="oc-108"/>
      </symbol>
      <symbol id="sm-3b6">
         <name>_malloc</name>
         <value>0x29d8</value>
         <object_component_ref idref="oc-108"/>
      </symbol>
      <symbol id="sm-3b7">
         <name>_minit</name>
         <value>0x2973</value>
         <object_component_ref idref="oc-108"/>
      </symbol>
      <symbol id="sm-3c1">
         <name>_fclose</name>
         <value>0x4ae4</value>
         <object_component_ref idref="oc-10f"/>
      </symbol>
      <symbol id="sm-3cb">
         <name>_remove</name>
         <value>0x5276</value>
         <object_component_ref idref="oc-113"/>
      </symbol>
   </symbol_table>
</link_info>
